// Jest Snapshot v1, https://goo.gl/fbAQLP

exports[`<SeachContainer /> tests should render and match snapshot 1`] = `
<body>
  <div>
    <div
      class="ItunesTracks__Container-sc-6dfa6w-0 jQTGZH"
    >
      <div
        class="ant-card ant-card-bordered ItunesTracks__SearchCard-sc-6dfa6w-2 gWvBrU"
      >
        <div
          class="ant-card-body"
        >
          <input
            class="ant-input ItunesTracks__InputField-sc-6dfa6w-3 cIgOpa"
            data-testid="search-input"
            placeholder="Enter name of a song or an artist"
            type="text"
            value=""
          />
        </div>
      </div>
    </div>
  </div>
</body>
`;
